Analysis & Synthesis report for mux_rom_demux
Thu Sep 18 15:06:02 2025
Quartus Prime Version 24.1std.0 Build 1077 03/04/2025 SC Lite Edition


---------------------
; Table of Contents ;
---------------------
  1. Legal Notice
  2. Analysis & Synthesis Summary
  3. Analysis & Synthesis Settings
  4. Parallel Compilation
  5. Analysis & Synthesis Source Files Read
  6. Analysis & Synthesis Resource Usage Summary
  7. Analysis & Synthesis Resource Utilization by Entity
  8. Analysis & Synthesis IP Cores Summary
  9. General Register Statistics
 10. Parameter Settings for User Entity Instance: eightBitBusSelector:bus_mux|lpm_mux:LPM_MUX_component
 11. Parameter Settings for User Entity Instance: lpm_max_comparator:comp_max_1|lpm_compare:LPM_COMPARE_component
 12. Parameter Settings for User Entity Instance: conditional_adder:instcond_addr_1|lpm_add_sub:LPM_ADD_SUB_component
 13. Parameter Settings for User Entity Instance: lpm_counter0:debounce_clk|lpm_counter:LPM_COUNTER_component
 14. Analysis & Synthesis Messages



----------------
; Legal Notice ;
----------------
Copyright (C) 2025  Altera Corporation. All rights reserved.
Your use of Altera Corporation's design tools, logic functions 
and other software and tools, and any partner logic 
functions, and any output files from any of the foregoing 
(including device programming or simulation files), and any 
associated documentation or information are expressly subject 
to the terms and conditions of the Altera Program License 
Subscription Agreement, the Altera Quartus Prime License Agreement,
the Altera IP License Agreement, or other applicable license
agreement, including, without limitation, that your use is for
the sole purpose of programming logic devices manufactured by
Altera and sold by Altera or its authorized distributors.  Please
refer to the Altera Software License Subscription Agreements 
on the Quartus Prime software download page.



+-------------------------------------------------------------------------------+
; Analysis & Synthesis Summary                                                  ;
+-----------------------------+-------------------------------------------------+
; Analysis & Synthesis Status ; Successful - Thu Sep 18 15:06:02 2025           ;
; Quartus Prime Version       ; 24.1std.0 Build 1077 03/04/2025 SC Lite Edition ;
; Revision Name               ; mux_rom_demux                                   ;
; Top-level Entity Name       ; mux_rom_demux                                   ;
; Family                      ; MAX II                                          ;
; Total logic elements        ; 71                                              ;
; Total pins                  ; 50                                              ;
; Total virtual pins          ; 0                                               ;
; UFM blocks                  ; 0 / 1 ( 0 % )                                   ;
+-----------------------------+-------------------------------------------------+


+--------------------------------------------------------------------------------+
; Analysis & Synthesis Settings                                                  ;
+--------------------------------------------------------------------------------+
Option        : Device
Setting       : EPM240T100C5
Default Value : 

Option        : Top-level entity name
Setting       : mux_rom_demux
Default Value : mux_rom_demux

Option        : Family name
Setting       : MAX II
Default Value : Cyclone V

Option        : Use smart compilation
Setting       : On
Default Value : Off

Option        : Maximum processors allowed for parallel compilation
Setting       : All
Default Value : 

Option        : Enable parallel Assembler and Timing Analyzer during compilation
Setting       : On
Default Value : On

Option        : Enable compact report table
Setting       : Off
Default Value : Off

Option        : Restructure Multiplexers
Setting       : Auto
Default Value : Auto

Option        : Create Debugging Nodes for IP Cores
Setting       : Off
Default Value : Off

Option        : Preserve fewer node names
Setting       : On
Default Value : On

Option        : Intel FPGA IP Evaluation Mode
Setting       : Enable
Default Value : Enable

Option        : Verilog Version
Setting       : Verilog_2001
Default Value : Verilog_2001

Option        : VHDL Version
Setting       : VHDL_1993
Default Value : VHDL_1993

Option        : State Machine Processing
Setting       : Auto
Default Value : Auto

Option        : Safe State Machine
Setting       : Off
Default Value : Off

Option        : Extract Verilog State Machines
Setting       : On
Default Value : On

Option        : Extract VHDL State Machines
Setting       : On
Default Value : On

Option        : Ignore Verilog initial constructs
Setting       : Off
Default Value : Off

Option        : Iteration limit for constant Verilog loops
Setting       : 5000
Default Value : 5000

Option        : Iteration limit for non-constant Verilog loops
Setting       : 250
Default Value : 250

Option        : Add Pass-Through Logic to Inferred RAMs
Setting       : On
Default Value : On

Option        : Infer RAMs from Raw Logic
Setting       : On
Default Value : On

Option        : Parallel Synthesis
Setting       : On
Default Value : On

Option        : NOT Gate Push-Back
Setting       : On
Default Value : On

Option        : Power-Up Don't Care
Setting       : On
Default Value : On

Option        : Remove Redundant Logic Cells
Setting       : Off
Default Value : Off

Option        : Remove Duplicate Registers
Setting       : On
Default Value : On

Option        : Ignore CARRY Buffers
Setting       : Off
Default Value : Off

Option        : Ignore CASCADE Buffers
Setting       : Off
Default Value : Off

Option        : Ignore GLOBAL Buffers
Setting       : Off
Default Value : Off

Option        : Ignore ROW GLOBAL Buffers
Setting       : Off
Default Value : Off

Option        : Ignore LCELL Buffers
Setting       : Off
Default Value : Off

Option        : Ignore SOFT Buffers
Setting       : On
Default Value : On

Option        : Limit AHDL Integers to 32 Bits
Setting       : Off
Default Value : Off

Option        : Optimization Technique
Setting       : Balanced
Default Value : Balanced

Option        : Carry Chain Length
Setting       : 70
Default Value : 70

Option        : Auto Carry Chains
Setting       : On
Default Value : On

Option        : Auto Open-Drain Pins
Setting       : On
Default Value : On

Option        : Perform WYSIWYG Primitive Resynthesis
Setting       : Off
Default Value : Off

Option        : Auto Shift Register Replacement
Setting       : Auto
Default Value : Auto

Option        : Allow Shift Register Merging across Hierarchies
Setting       : Auto
Default Value : Auto

Option        : Auto Clock Enable Replacement
Setting       : On
Default Value : On

Option        : Allow Synchronous Control Signals
Setting       : On
Default Value : On

Option        : Force Use of Synchronous Clear Signals
Setting       : Off
Default Value : Off

Option        : Auto Resource Sharing
Setting       : Off
Default Value : Off

Option        : Use LogicLock Constraints during Resource Balancing
Setting       : On
Default Value : On

Option        : Ignore translate_off and synthesis_off directives
Setting       : Off
Default Value : Off

Option        : Report Parameter Settings
Setting       : On
Default Value : On

Option        : Report Source Assignments
Setting       : On
Default Value : On

Option        : Report Connectivity Checks
Setting       : On
Default Value : On

Option        : Ignore Maximum Fan-Out Assignments
Setting       : Off
Default Value : Off

Option        : Synchronization Register Chain Length
Setting       : 2
Default Value : 2

Option        : Power Optimization During Synthesis
Setting       : Normal compilation
Default Value : Normal compilation

Option        : HDL message level
Setting       : Level2
Default Value : Level2

Option        : Suppress Register Optimization Related Messages
Setting       : Off
Default Value : Off

Option        : Number of Removed Registers Reported in Synthesis Report
Setting       : 5000
Default Value : 5000

Option        : Number of Swept Nodes Reported in Synthesis Report
Setting       : 5000
Default Value : 5000

Option        : Number of Inverted Registers Reported in Synthesis Report
Setting       : 100
Default Value : 100

Option        : Clock MUX Protection
Setting       : On
Default Value : On

Option        : Block Design Naming
Setting       : Auto
Default Value : Auto

Option        : Synthesis Effort
Setting       : Auto
Default Value : Auto

Option        : Shift Register Replacement - Allow Asynchronous Clear Signal
Setting       : On
Default Value : On

Option        : Analysis & Synthesis Message Level
Setting       : Medium
Default Value : Medium

Option        : Disable Register Merging Across Hierarchies
Setting       : Auto
Default Value : Auto
+--------------------------------------------------------------------------------+



+------------------------------------------+
; Parallel Compilation                     ;
+----------------------------+-------------+
; Processors                 ; Number      ;
+----------------------------+-------------+
; Number detected on machine ; 4           ;
; Maximum allowed            ; 2           ;
;                            ;             ;
; Average used               ; 1.00        ;
; Maximum used               ; 1           ;
;                            ;             ;
; Usage by Processor         ; % Time Used ;
;     Processor 1            ; 100.0%      ;
+----------------------------+-------------+


+--------------------------------------------------------------------------------+
; Analysis & Synthesis Source Files Read                                         ;
+--------------------------------------------------------------------------------+
File Name with User-Entered Path : mux_rom_demux.bdf
Used in Netlist                  : yes
File Type                        : User Block Diagram/Schematic File 
File Name with Absolute Path     : C:/__WORK__/DG-STEAM/Enigma/Altera-CPLD/ROM_TEST/mux_rom_demux.bdf
Library                          : 

File Name with User-Entered Path : lpm_counter0.v
Used in Netlist                  : yes
File Type                        : User Wizard-Generated File 
File Name with Absolute Path     : C:/__WORK__/DG-STEAM/Enigma/Altera-CPLD/ROM_TEST/lpm_counter0.v
Library                          : 

File Name with User-Entered Path : lpm_max_comparator.v
Used in Netlist                  : yes
File Type                        : User Wizard-Generated File 
File Name with Absolute Path     : C:/__WORK__/DG-STEAM/Enigma/Altera-CPLD/ROM_TEST/lpm_max_comparator.v
Library                          : 

File Name with User-Entered Path : conditional_adder.v
Used in Netlist                  : yes
File Type                        : User Wizard-Generated File 
File Name with Absolute Path     : C:/__WORK__/DG-STEAM/Enigma/Altera-CPLD/ROM_TEST/conditional_adder.v
Library                          : 

File Name with User-Entered Path : eightBitBusSelector.v
Used in Netlist                  : yes
File Type                        : User Wizard-Generated File 
File Name with Absolute Path     : C:/__WORK__/DG-STEAM/Enigma/Altera-CPLD/ROM_TEST/eightBitBusSelector.v
Library                          : 

File Name with User-Entered Path : lpm_mux.tdf
Used in Netlist                  : yes
File Type                        : Megafunction 
File Name with Absolute Path     : c:/intelfpga_lite/quartus/libraries/megafunctions/lpm_mux.tdf
Library                          : 

File Name with User-Entered Path : aglobal241.inc
Used in Netlist                  : yes
File Type                        : Megafunction 
File Name with Absolute Path     : c:/intelfpga_lite/quartus/libraries/megafunctions/aglobal241.inc
Library                          : 

File Name with User-Entered Path : muxlut.inc
Used in Netlist                  : yes
File Type                        : Megafunction 
File Name with Absolute Path     : c:/intelfpga_lite/quartus/libraries/megafunctions/muxlut.inc
Library                          : 

File Name with User-Entered Path : bypassff.inc
Used in Netlist                  : yes
File Type                        : Megafunction 
File Name with Absolute Path     : c:/intelfpga_lite/quartus/libraries/megafunctions/bypassff.inc
Library                          : 

File Name with User-Entered Path : altshift.inc
Used in Netlist                  : yes
File Type                        : Megafunction 
File Name with Absolute Path     : c:/intelfpga_lite/quartus/libraries/megafunctions/altshift.inc
Library                          : 

File Name with User-Entered Path : db/mux_j9c.tdf
Used in Netlist                  : yes
File Type                        : Auto-Generated Megafunction 
File Name with Absolute Path     : C:/__WORK__/DG-STEAM/Enigma/Altera-CPLD/ROM_TEST/db/mux_j9c.tdf
Library                          : 

File Name with User-Entered Path : lpm_compare.tdf
Used in Netlist                  : yes
File Type                        : Megafunction 
File Name with Absolute Path     : c:/intelfpga_lite/quartus/libraries/megafunctions/lpm_compare.tdf
Library                          : 

File Name with User-Entered Path : comptree.inc
Used in Netlist                  : yes
File Type                        : Megafunction 
File Name with Absolute Path     : c:/intelfpga_lite/quartus/libraries/megafunctions/comptree.inc
Library                          : 

File Name with User-Entered Path : db/cmpr_dqi.tdf
Used in Netlist                  : yes
File Type                        : Auto-Generated Megafunction 
File Name with Absolute Path     : C:/__WORK__/DG-STEAM/Enigma/Altera-CPLD/ROM_TEST/db/cmpr_dqi.tdf
Library                          : 

File Name with User-Entered Path : lpm_add_sub.tdf
Used in Netlist                  : yes
File Type                        : Megafunction 
File Name with Absolute Path     : c:/intelfpga_lite/quartus/libraries/megafunctions/lpm_add_sub.tdf
Library                          : 

File Name with User-Entered Path : addcore.inc
Used in Netlist                  : yes
File Type                        : Megafunction 
File Name with Absolute Path     : c:/intelfpga_lite/quartus/libraries/megafunctions/addcore.inc
Library                          : 

File Name with User-Entered Path : look_add.inc
Used in Netlist                  : yes
File Type                        : Megafunction 
File Name with Absolute Path     : c:/intelfpga_lite/quartus/libraries/megafunctions/look_add.inc
Library                          : 

File Name with User-Entered Path : alt_stratix_add_sub.inc
Used in Netlist                  : yes
File Type                        : Megafunction 
File Name with Absolute Path     : c:/intelfpga_lite/quartus/libraries/megafunctions/alt_stratix_add_sub.inc
Library                          : 

File Name with User-Entered Path : addcore.tdf
Used in Netlist                  : yes
File Type                        : Megafunction 
File Name with Absolute Path     : c:/intelfpga_lite/quartus/libraries/megafunctions/addcore.tdf
Library                          : 

File Name with User-Entered Path : a_csnbuffer.inc
Used in Netlist                  : yes
File Type                        : Megafunction 
File Name with Absolute Path     : c:/intelfpga_lite/quartus/libraries/megafunctions/a_csnbuffer.inc
Library                          : 

File Name with User-Entered Path : a_csnbuffer.tdf
Used in Netlist                  : yes
File Type                        : Megafunction 
File Name with Absolute Path     : c:/intelfpga_lite/quartus/libraries/megafunctions/a_csnbuffer.tdf
Library                          : 

File Name with User-Entered Path : altshift.tdf
Used in Netlist                  : yes
File Type                        : Megafunction 
File Name with Absolute Path     : c:/intelfpga_lite/quartus/libraries/megafunctions/altshift.tdf
Library                          : 

File Name with User-Entered Path : lpm_counter.tdf
Used in Netlist                  : yes
File Type                        : Megafunction 
File Name with Absolute Path     : c:/intelfpga_lite/quartus/libraries/megafunctions/lpm_counter.tdf
Library                          : 

File Name with User-Entered Path : lpm_constant.inc
Used in Netlist                  : yes
File Type                        : Megafunction 
File Name with Absolute Path     : c:/intelfpga_lite/quartus/libraries/megafunctions/lpm_constant.inc
Library                          : 

File Name with User-Entered Path : lpm_decode.inc
Used in Netlist                  : yes
File Type                        : Megafunction 
File Name with Absolute Path     : c:/intelfpga_lite/quartus/libraries/megafunctions/lpm_decode.inc
Library                          : 

File Name with User-Entered Path : lpm_add_sub.inc
Used in Netlist                  : yes
File Type                        : Megafunction 
File Name with Absolute Path     : c:/intelfpga_lite/quartus/libraries/megafunctions/lpm_add_sub.inc
Library                          : 

File Name with User-Entered Path : cmpconst.inc
Used in Netlist                  : yes
File Type                        : Megafunction 
File Name with Absolute Path     : c:/intelfpga_lite/quartus/libraries/megafunctions/cmpconst.inc
Library                          : 

File Name with User-Entered Path : lpm_compare.inc
Used in Netlist                  : yes
File Type                        : Megafunction 
File Name with Absolute Path     : c:/intelfpga_lite/quartus/libraries/megafunctions/lpm_compare.inc
Library                          : 

File Name with User-Entered Path : lpm_counter.inc
Used in Netlist                  : yes
File Type                        : Megafunction 
File Name with Absolute Path     : c:/intelfpga_lite/quartus/libraries/megafunctions/lpm_counter.inc
Library                          : 

File Name with User-Entered Path : dffeea.inc
Used in Netlist                  : yes
File Type                        : Megafunction 
File Name with Absolute Path     : c:/intelfpga_lite/quartus/libraries/megafunctions/dffeea.inc
Library                          : 

File Name with User-Entered Path : alt_counter_stratix.inc
Used in Netlist                  : yes
File Type                        : Megafunction 
File Name with Absolute Path     : c:/intelfpga_lite/quartus/libraries/megafunctions/alt_counter_stratix.inc
Library                          : 

File Name with User-Entered Path : db/cntr_eri.tdf
Used in Netlist                  : yes
File Type                        : Auto-Generated Megafunction 
File Name with Absolute Path     : C:/__WORK__/DG-STEAM/Enigma/Altera-CPLD/ROM_TEST/db/cntr_eri.tdf
Library                          : 

File Name with User-Entered Path : db/cmpr_n0c.tdf
Used in Netlist                  : yes
File Type                        : Auto-Generated Megafunction 
File Name with Absolute Path     : C:/__WORK__/DG-STEAM/Enigma/Altera-CPLD/ROM_TEST/db/cmpr_n0c.tdf
Library                          : 
+--------------------------------------------------------------------------------+



+-----------------------------------------------------+
; Analysis & Synthesis Resource Usage Summary         ;
+---------------------------------------------+-------+
; Resource                                    ; Usage ;
+---------------------------------------------+-------+
; Total logic elements                        ; 71    ;
;     -- Combinational with no register       ; 43    ;
;     -- Register only                        ; 2     ;
;     -- Combinational with a register        ; 26    ;
;                                             ;       ;
; Logic element usage by number of LUT inputs ;       ;
;     -- 4 input functions                    ; 32    ;
;     -- 3 input functions                    ; 4     ;
;     -- 2 input functions                    ; 24    ;
;     -- 1 input functions                    ; 8     ;
;     -- 0 input functions                    ; 1     ;
;                                             ;       ;
; Logic elements by mode                      ;       ;
;     -- normal mode                          ; 51    ;
;     -- arithmetic mode                      ; 20    ;
;     -- qfbk mode                            ; 0     ;
;     -- register cascade mode                ; 0     ;
;     -- synchronous clear/load mode          ; 19    ;
;     -- asynchronous clear/load mode         ; 0     ;
;                                             ;       ;
; Total registers                             ; 28    ;
; Total logic cells in carry chains           ; 22    ;
; I/O pins                                    ; 50    ;
; Maximum fan-out node                        ; clk   ;
; Maximum fan-out                             ; 19    ;
; Total fan-out                               ; 277   ;
; Average fan-out                             ; 2.29  ;
+---------------------------------------------+-------+


+--------------------------------------------------------------------------------+
; Analysis & Synthesis Resource Utilization by Entity                            ;
+--------------------------------------------------------------------------------+
Compilation Hierarchy Node : |mux_rom_demux
Logic Cells                : 71 (34)
LC Registers               : 28
UFM Blocks                 : 0
Pins                       : 50
Virtual Pins               : 0
LUT-Only LCs               : 43 (25)
Register-Only LCs          : 2 (2)
LUT/Register LCs           : 26 (7)
Carry Chain LCs            : 22 (0)
Packed LCs                 : 0 (0)
Full Hierarchy Name        : |mux_rom_demux
Entity Name                : mux_rom_demux
Library Name               : work

Compilation Hierarchy Node :    |conditional_adder:instcond_addr_1|
Logic Cells                : 3 (0)
LC Registers               : 0
UFM Blocks                 : 0
Pins                       : 0
Virtual Pins               : 0
LUT-Only LCs               : 3 (0)
Register-Only LCs          : 0 (0)
LUT/Register LCs           : 0 (0)
Carry Chain LCs            : 2 (0)
Packed LCs                 : 0 (0)
Full Hierarchy Name        : |mux_rom_demux|conditional_adder:instcond_addr_1
Entity Name                : conditional_adder
Library Name               : work

Compilation Hierarchy Node :       |lpm_add_sub:LPM_ADD_SUB_component|
Logic Cells                : 3 (0)
LC Registers               : 0
UFM Blocks                 : 0
Pins                       : 0
Virtual Pins               : 0
LUT-Only LCs               : 3 (0)
Register-Only LCs          : 0 (0)
LUT/Register LCs           : 0 (0)
Carry Chain LCs            : 2 (0)
Packed LCs                 : 0 (0)
Full Hierarchy Name        : |mux_rom_demux|conditional_adder:instcond_addr_1|lpm_add_sub:LPM_ADD_SUB_component
Entity Name                : lpm_add_sub
Library Name               : work

Compilation Hierarchy Node :          |addcore:adder|
Logic Cells                : 3 (0)
LC Registers               : 0
UFM Blocks                 : 0
Pins                       : 0
Virtual Pins               : 0
LUT-Only LCs               : 3 (0)
Register-Only LCs          : 0 (0)
LUT/Register LCs           : 0 (0)
Carry Chain LCs            : 2 (0)
Packed LCs                 : 0 (0)
Full Hierarchy Name        : |mux_rom_demux|conditional_adder:instcond_addr_1|lpm_add_sub:LPM_ADD_SUB_component|addcore:adder
Entity Name                : addcore
Library Name               : work

Compilation Hierarchy Node :             |a_csnbuffer:result_node|
Logic Cells                : 3 (3)
LC Registers               : 0
UFM Blocks                 : 0
Pins                       : 0
Virtual Pins               : 0
LUT-Only LCs               : 3 (3)
Register-Only LCs          : 0 (0)
LUT/Register LCs           : 0 (0)
Carry Chain LCs            : 2 (2)
Packed LCs                 : 0 (0)
Full Hierarchy Name        : |mux_rom_demux|conditional_adder:instcond_addr_1|lpm_add_sub:LPM_ADD_SUB_component|addcore:adder|a_csnbuffer:result_node
Entity Name                : a_csnbuffer
Library Name               : work

Compilation Hierarchy Node :    |eightBitBusSelector:bus_mux|
Logic Cells                : 4 (0)
LC Registers               : 0
UFM Blocks                 : 0
Pins                       : 0
Virtual Pins               : 0
LUT-Only LCs               : 4 (0)
Register-Only LCs          : 0 (0)
LUT/Register LCs           : 0 (0)
Carry Chain LCs            : 0 (0)
Packed LCs                 : 0 (0)
Full Hierarchy Name        : |mux_rom_demux|eightBitBusSelector:bus_mux
Entity Name                : eightBitBusSelector
Library Name               : work

Compilation Hierarchy Node :       |lpm_mux:LPM_MUX_component|
Logic Cells                : 4 (0)
LC Registers               : 0
UFM Blocks                 : 0
Pins                       : 0
Virtual Pins               : 0
LUT-Only LCs               : 4 (0)
Register-Only LCs          : 0 (0)
LUT/Register LCs           : 0 (0)
Carry Chain LCs            : 0 (0)
Packed LCs                 : 0 (0)
Full Hierarchy Name        : |mux_rom_demux|eightBitBusSelector:bus_mux|lpm_mux:LPM_MUX_component
Entity Name                : lpm_mux
Library Name               : work

Compilation Hierarchy Node :          |mux_j9c:auto_generated|
Logic Cells                : 4 (4)
LC Registers               : 0
UFM Blocks                 : 0
Pins                       : 0
Virtual Pins               : 0
LUT-Only LCs               : 4 (4)
Register-Only LCs          : 0 (0)
LUT/Register LCs           : 0 (0)
Carry Chain LCs            : 0 (0)
Packed LCs                 : 0 (0)
Full Hierarchy Name        : |mux_rom_demux|eightBitBusSelector:bus_mux|lpm_mux:LPM_MUX_component|mux_j9c:auto_generated
Entity Name                : mux_j9c
Library Name               : work

Compilation Hierarchy Node :    |lpm_counter0:debounce_clk|
Logic Cells                : 26 (0)
LC Registers               : 19
UFM Blocks                 : 0
Pins                       : 0
Virtual Pins               : 0
LUT-Only LCs               : 7 (0)
Register-Only LCs          : 0 (0)
LUT/Register LCs           : 19 (0)
Carry Chain LCs            : 20 (0)
Packed LCs                 : 0 (0)
Full Hierarchy Name        : |mux_rom_demux|lpm_counter0:debounce_clk
Entity Name                : lpm_counter0
Library Name               : work

Compilation Hierarchy Node :       |lpm_counter:LPM_COUNTER_component|
Logic Cells                : 26 (0)
LC Registers               : 19
UFM Blocks                 : 0
Pins                       : 0
Virtual Pins               : 0
LUT-Only LCs               : 7 (0)
Register-Only LCs          : 0 (0)
LUT/Register LCs           : 19 (0)
Carry Chain LCs            : 20 (0)
Packed LCs                 : 0 (0)
Full Hierarchy Name        : |mux_rom_demux|lpm_counter0:debounce_clk|lpm_counter:LPM_COUNTER_component
Entity Name                : lpm_counter
Library Name               : work

Compilation Hierarchy Node :          |cntr_eri:auto_generated|
Logic Cells                : 26 (20)
LC Registers               : 19
UFM Blocks                 : 0
Pins                       : 0
Virtual Pins               : 0
LUT-Only LCs               : 7 (1)
Register-Only LCs          : 0 (0)
LUT/Register LCs           : 19 (19)
Carry Chain LCs            : 20 (20)
Packed LCs                 : 0 (0)
Full Hierarchy Name        : |mux_rom_demux|lpm_counter0:debounce_clk|lpm_counter:LPM_COUNTER_component|cntr_eri:auto_generated
Entity Name                : cntr_eri
Library Name               : work

Compilation Hierarchy Node :             |cmpr_n0c:cmpr1|
Logic Cells                : 6 (6)
LC Registers               : 0
UFM Blocks                 : 0
Pins                       : 0
Virtual Pins               : 0
LUT-Only LCs               : 6 (6)
Register-Only LCs          : 0 (0)
LUT/Register LCs           : 0 (0)
Carry Chain LCs            : 0 (0)
Packed LCs                 : 0 (0)
Full Hierarchy Name        : |mux_rom_demux|lpm_counter0:debounce_clk|lpm_counter:LPM_COUNTER_component|cntr_eri:auto_generated|cmpr_n0c:cmpr1
Entity Name                : cmpr_n0c
Library Name               : work

Compilation Hierarchy Node :    |lpm_max_comparator:comp_max_1|
Logic Cells                : 4 (0)
LC Registers               : 0
UFM Blocks                 : 0
Pins                       : 0
Virtual Pins               : 0
LUT-Only LCs               : 4 (0)
Register-Only LCs          : 0 (0)
LUT/Register LCs           : 0 (0)
Carry Chain LCs            : 0 (0)
Packed LCs                 : 0 (0)
Full Hierarchy Name        : |mux_rom_demux|lpm_max_comparator:comp_max_1
Entity Name                : lpm_max_comparator
Library Name               : work

Compilation Hierarchy Node :       |lpm_compare:LPM_COMPARE_component|
Logic Cells                : 4 (0)
LC Registers               : 0
UFM Blocks                 : 0
Pins                       : 0
Virtual Pins               : 0
LUT-Only LCs               : 4 (0)
Register-Only LCs          : 0 (0)
LUT/Register LCs           : 0 (0)
Carry Chain LCs            : 0 (0)
Packed LCs                 : 0 (0)
Full Hierarchy Name        : |mux_rom_demux|lpm_max_comparator:comp_max_1|lpm_compare:LPM_COMPARE_component
Entity Name                : lpm_compare
Library Name               : work

Compilation Hierarchy Node :          |cmpr_dqi:auto_generated|
Logic Cells                : 4 (4)
LC Registers               : 0
UFM Blocks                 : 0
Pins                       : 0
Virtual Pins               : 0
LUT-Only LCs               : 4 (4)
Register-Only LCs          : 0 (0)
LUT/Register LCs           : 0 (0)
Carry Chain LCs            : 0 (0)
Packed LCs                 : 0 (0)
Full Hierarchy Name        : |mux_rom_demux|lpm_max_comparator:comp_max_1|lpm_compare:LPM_COMPARE_component|cmpr_dqi:auto_generated
Entity Name                : cmpr_dqi
Library Name               : work
+--------------------------------------------------------------------------------+

Note: For table entries with two numbers listed, the numbers in parentheses indicate the number of resources of the given type used by the specific entity alone. The numbers listed outside of parentheses indicate the total resources of the given type used by the specific entity and all of its sub-entities in the hierarchy.


+--------------------------------------------------------------------------------+
; Analysis & Synthesis IP Cores Summary                                          ;
+--------------------------------------------------------------------------------+
Vendor          : Altera
IP Core Name    : LPM_MUX
Version         : 24.1
Release Date    : N/A
License Type    : N/A
Entity Instance : |mux_rom_demux|eightBitBusSelector:bus_mux
IP Include File : eightBitBusSelector.v

Vendor          : Altera
IP Core Name    : LPM_COMPARE
Version         : 24.1
Release Date    : N/A
License Type    : N/A
Entity Instance : |mux_rom_demux|lpm_max_comparator:comp_max_1
IP Include File : lpm_max_comparator.v

Vendor          : Altera
IP Core Name    : LPM_COUNTER
Version         : 24.1
Release Date    : N/A
License Type    : N/A
Entity Instance : |mux_rom_demux|lpm_counter0:debounce_clk
IP Include File : lpm_counter0.v

Vendor          : Altera
IP Core Name    : LPM_ADD_SUB
Version         : 24.1
Release Date    : N/A
License Type    : N/A
Entity Instance : |mux_rom_demux|conditional_adder:instcond_addr_1
IP Include File : conditional_adder.v
+--------------------------------------------------------------------------------+



+------------------------------------------------------+
; General Register Statistics                          ;
+----------------------------------------------+-------+
; Statistic                                    ; Value ;
+----------------------------------------------+-------+
; Total registers                              ; 28    ;
; Number of registers using Synchronous Clear  ; 0     ;
; Number of registers using Synchronous Load   ; 19    ;
; Number of registers using Asynchronous Clear ; 0     ;
; Number of registers using Asynchronous Load  ; 0     ;
; Number of registers using Clock Enable       ; 0     ;
; Number of registers using Preset             ; 0     ;
+----------------------------------------------+-------+


+--------------------------------------------------------------------------------+
; Parameter Settings for User Entity Instance: eightBitBusSelector:bus_mux|lpm_mux:LPM_MUX_component ;
+--------------------------------------------------------------------------------+
Parameter Name : AUTO_CARRY_CHAINS
Value          : ON
Type           : AUTO_CARRY

Parameter Name : IGNORE_CARRY_BUFFERS
Value          : OFF
Type           : IGNORE_CARRY

Parameter Name : AUTO_CASCADE_CHAINS
Value          : ON
Type           : AUTO_CASCADE

Parameter Name : IGNORE_CASCADE_BUFFERS
Value          : OFF
Type           : IGNORE_CASCADE

Parameter Name : LPM_WIDTH
Value          : 6
Type           : Signed Integer

Parameter Name : LPM_SIZE
Value          : 2
Type           : Signed Integer

Parameter Name : LPM_WIDTHS
Value          : 1
Type           : Signed Integer

Parameter Name : LPM_PIPELINE
Value          : 0
Type           : Untyped

Parameter Name : CBXI_PARAMETER
Value          : mux_j9c
Type           : Untyped

Parameter Name : DEVICE_FAMILY
Value          : MAX II
Type           : Untyped
+--------------------------------------------------------------------------------+

Note: In order to hide this table in the UI and the text report file, please set the "Show Parameter Settings in Synthesis Report" option in "Analysis and Synthesis Settings -> More Settings" to "Off".


+--------------------------------------------------------------------------------+
; Parameter Settings for User Entity Instance: lpm_max_comparator:comp_max_1|lpm_compare:LPM_COMPARE_component ;
+--------------------------------------------------------------------------------+
Parameter Name : lpm_width
Value          : 6
Type           : Signed Integer

Parameter Name : LPM_REPRESENTATION
Value          : UNSIGNED
Type           : Untyped

Parameter Name : LPM_PIPELINE
Value          : 0
Type           : Untyped

Parameter Name : CHAIN_SIZE
Value          : 8
Type           : Untyped

Parameter Name : ONE_INPUT_IS_CONSTANT
Value          : YES
Type           : Untyped

Parameter Name : CARRY_CHAIN
Value          : MANUAL
Type           : Untyped

Parameter Name : CASCADE_CHAIN
Value          : MANUAL
Type           : Untyped

Parameter Name : CARRY_CHAIN_LENGTH
Value          : 48
Type           : CARRY_CHAIN_LENGTH

Parameter Name : CASCADE_CHAIN_LENGTH
Value          : 2
Type           : CASCADE_CHAIN_LENGTH

Parameter Name : DEVICE_FAMILY
Value          : MAX II
Type           : Untyped

Parameter Name : CBXI_PARAMETER
Value          : cmpr_dqi
Type           : Untyped

Parameter Name : AUTO_CARRY_CHAINS
Value          : ON
Type           : AUTO_CARRY

Parameter Name : IGNORE_CARRY_BUFFERS
Value          : OFF
Type           : IGNORE_CARRY

Parameter Name : AUTO_CASCADE_CHAINS
Value          : ON
Type           : AUTO_CASCADE

Parameter Name : IGNORE_CASCADE_BUFFERS
Value          : OFF
Type           : IGNORE_CASCADE
+--------------------------------------------------------------------------------+

Note: In order to hide this table in the UI and the text report file, please set the "Show Parameter Settings in Synthesis Report" option in "Analysis and Synthesis Settings -> More Settings" to "Off".


+--------------------------------------------------------------------------------+
; Parameter Settings for User Entity Instance: conditional_adder:instcond_addr_1|lpm_add_sub:LPM_ADD_SUB_component ;
+--------------------------------------------------------------------------------+
Parameter Name : LPM_WIDTH
Value          : 6
Type           : Signed Integer

Parameter Name : LPM_REPRESENTATION
Value          : UNSIGNED
Type           : Untyped

Parameter Name : LPM_DIRECTION
Value          : ADD
Type           : Untyped

Parameter Name : ONE_INPUT_IS_CONSTANT
Value          : YES
Type           : Untyped

Parameter Name : LPM_PIPELINE
Value          : 0
Type           : Untyped

Parameter Name : MAXIMIZE_SPEED
Value          : 5
Type           : Untyped

Parameter Name : REGISTERED_AT_END
Value          : 0
Type           : Untyped

Parameter Name : OPTIMIZE_FOR_SPEED
Value          : 5
Type           : Untyped

Parameter Name : USE_CS_BUFFERS
Value          : 1
Type           : Untyped

Parameter Name : CARRY_CHAIN
Value          : MANUAL
Type           : Untyped

Parameter Name : CARRY_CHAIN_LENGTH
Value          : 48
Type           : CARRY_CHAIN_LENGTH

Parameter Name : DEVICE_FAMILY
Value          : MAX II
Type           : Untyped

Parameter Name : USE_WYS
Value          : OFF
Type           : Untyped

Parameter Name : STYLE
Value          : FAST
Type           : Untyped

Parameter Name : CBXI_PARAMETER
Value          : add_sub_nah
Type           : Untyped

Parameter Name : AUTO_CARRY_CHAINS
Value          : ON
Type           : AUTO_CARRY

Parameter Name : IGNORE_CARRY_BUFFERS
Value          : OFF
Type           : IGNORE_CARRY

Parameter Name : AUTO_CASCADE_CHAINS
Value          : ON
Type           : AUTO_CASCADE

Parameter Name : IGNORE_CASCADE_BUFFERS
Value          : OFF
Type           : IGNORE_CASCADE
+--------------------------------------------------------------------------------+

Note: In order to hide this table in the UI and the text report file, please set the "Show Parameter Settings in Synthesis Report" option in "Analysis and Synthesis Settings -> More Settings" to "Off".


+--------------------------------------------------------------------------------+
; Parameter Settings for User Entity Instance: lpm_counter0:debounce_clk|lpm_counter:LPM_COUNTER_component ;
+--------------------------------------------------------------------------------+
Parameter Name : AUTO_CARRY_CHAINS
Value          : ON
Type           : AUTO_CARRY

Parameter Name : IGNORE_CARRY_BUFFERS
Value          : OFF
Type           : IGNORE_CARRY

Parameter Name : AUTO_CASCADE_CHAINS
Value          : ON
Type           : AUTO_CASCADE

Parameter Name : IGNORE_CASCADE_BUFFERS
Value          : OFF
Type           : IGNORE_CASCADE

Parameter Name : LPM_WIDTH
Value          : 19
Type           : Signed Integer

Parameter Name : LPM_DIRECTION
Value          : UP
Type           : Untyped

Parameter Name : LPM_MODULUS
Value          : 263158
Type           : Signed Integer

Parameter Name : LPM_AVALUE
Value          : UNUSED
Type           : Untyped

Parameter Name : LPM_SVALUE
Value          : UNUSED
Type           : Untyped

Parameter Name : LPM_PORT_UPDOWN
Value          : PORT_UNUSED
Type           : Untyped

Parameter Name : DEVICE_FAMILY
Value          : MAX II
Type           : Untyped

Parameter Name : CARRY_CHAIN
Value          : MANUAL
Type           : Untyped

Parameter Name : CARRY_CHAIN_LENGTH
Value          : 48
Type           : CARRY_CHAIN_LENGTH

Parameter Name : NOT_GATE_PUSH_BACK
Value          : ON
Type           : NOT_GATE_PUSH_BACK

Parameter Name : CARRY_CNT_EN
Value          : SMART
Type           : Untyped

Parameter Name : LABWIDE_SCLR
Value          : ON
Type           : Untyped

Parameter Name : USE_NEW_VERSION
Value          : TRUE
Type           : Untyped

Parameter Name : CBXI_PARAMETER
Value          : cntr_eri
Type           : Untyped
+--------------------------------------------------------------------------------+

Note: In order to hide this table in the UI and the text report file, please set the "Show Parameter Settings in Synthesis Report" option in "Analysis and Synthesis Settings -> More Settings" to "Off".


+-------------------------------+
; Analysis & Synthesis Messages ;
+-------------------------------+
Info: *******************************************************************
Info: Running Quartus Prime Analysis & Synthesis
    Info: Version 24.1std.0 Build 1077 03/04/2025 SC Lite Edition
    Info: Processing started: Thu Sep 18 15:05:49 2025
Info: Command: quartus_map --read_settings_files=on --write_settings_files=off mux_rom_demux -c mux_rom_demux
Info (20030): Parallel compilation is enabled and will use 2 of the 2 processors detected
Info (12021): Found 1 design units, including 1 entities, in source file mux_rom_demux.bdf
    Info (12023): Found entity 1: mux_rom_demux
Info (12021): Found 1 design units, including 1 entities, in source file lpm_counter0.v
    Info (12023): Found entity 1: lpm_counter0 File: C:/__WORK__/DG-STEAM/Enigma/Altera-CPLD/ROM_TEST/lpm_counter0.v Line: 40
Info (12021): Found 1 design units, including 1 entities, in source file lpm_max_comparator.v
    Info (12023): Found entity 1: lpm_max_comparator File: C:/__WORK__/DG-STEAM/Enigma/Altera-CPLD/ROM_TEST/lpm_max_comparator.v Line: 40
Info (12021): Found 1 design units, including 1 entities, in source file conditional_adder.v
    Info (12023): Found entity 1: conditional_adder File: C:/__WORK__/DG-STEAM/Enigma/Altera-CPLD/ROM_TEST/conditional_adder.v Line: 40
Info (12021): Found 1 design units, including 1 entities, in source file eightbitbusselector.v
    Info (12023): Found entity 1: eightBitBusSelector File: C:/__WORK__/DG-STEAM/Enigma/Altera-CPLD/ROM_TEST/eightBitBusSelector.v Line: 40
Info (12127): Elaborating entity "mux_rom_demux" for the top level hierarchy
Info (12128): Elaborating entity "eightBitBusSelector" for hierarchy "eightBitBusSelector:bus_mux"
Info (12128): Elaborating entity "lpm_mux" for hierarchy "eightBitBusSelector:bus_mux|lpm_mux:LPM_MUX_component" File: C:/__WORK__/DG-STEAM/Enigma/Altera-CPLD/ROM_TEST/eightBitBusSelector.v Line: 69
Info (12130): Elaborated megafunction instantiation "eightBitBusSelector:bus_mux|lpm_mux:LPM_MUX_component" File: C:/__WORK__/DG-STEAM/Enigma/Altera-CPLD/ROM_TEST/eightBitBusSelector.v Line: 69
Info (12133): Instantiated megafunction "eightBitBusSelector:bus_mux|lpm_mux:LPM_MUX_component" with the following parameter: File: C:/__WORK__/DG-STEAM/Enigma/Altera-CPLD/ROM_TEST/eightBitBusSelector.v Line: 69
    Info (12134): Parameter "lpm_size" = "2"
    Info (12134): Parameter "lpm_type" = "LPM_MUX"
    Info (12134): Parameter "lpm_width" = "6"
    Info (12134): Parameter "lpm_widths" = "1"
Info (12021): Found 1 design units, including 1 entities, in source file db/mux_j9c.tdf
    Info (12023): Found entity 1: mux_j9c File: C:/__WORK__/DG-STEAM/Enigma/Altera-CPLD/ROM_TEST/db/mux_j9c.tdf Line: 23
Info (12128): Elaborating entity "mux_j9c" for hierarchy "eightBitBusSelector:bus_mux|lpm_mux:LPM_MUX_component|mux_j9c:auto_generated" File: c:/intelfpga_lite/quartus/libraries/megafunctions/lpm_mux.tdf Line: 87
Info (12128): Elaborating entity "lpm_max_comparator" for hierarchy "lpm_max_comparator:comp_max_1"
Info (12128): Elaborating entity "lpm_compare" for hierarchy "lpm_max_comparator:comp_max_1|lpm_compare:LPM_COMPARE_component" File: C:/__WORK__/DG-STEAM/Enigma/Altera-CPLD/ROM_TEST/lpm_max_comparator.v Line: 62
Info (12130): Elaborated megafunction instantiation "lpm_max_comparator:comp_max_1|lpm_compare:LPM_COMPARE_component" File: C:/__WORK__/DG-STEAM/Enigma/Altera-CPLD/ROM_TEST/lpm_max_comparator.v Line: 62
Info (12133): Instantiated megafunction "lpm_max_comparator:comp_max_1|lpm_compare:LPM_COMPARE_component" with the following parameter: File: C:/__WORK__/DG-STEAM/Enigma/Altera-CPLD/ROM_TEST/lpm_max_comparator.v Line: 62
    Info (12134): Parameter "lpm_hint" = "ONE_INPUT_IS_CONSTANT=YES"
    Info (12134): Parameter "lpm_representation" = "UNSIGNED"
    Info (12134): Parameter "lpm_type" = "LPM_COMPARE"
    Info (12134): Parameter "lpm_width" = "6"
Info (12021): Found 1 design units, including 1 entities, in source file db/cmpr_dqi.tdf
    Info (12023): Found entity 1: cmpr_dqi File: C:/__WORK__/DG-STEAM/Enigma/Altera-CPLD/ROM_TEST/db/cmpr_dqi.tdf Line: 23
Info (12128): Elaborating entity "cmpr_dqi" for hierarchy "lpm_max_comparator:comp_max_1|lpm_compare:LPM_COMPARE_component|cmpr_dqi:auto_generated" File: c:/intelfpga_lite/quartus/libraries/megafunctions/lpm_compare.tdf Line: 281
Info (12128): Elaborating entity "conditional_adder" for hierarchy "conditional_adder:instcond_addr_1"
Info (12128): Elaborating entity "lpm_add_sub" for hierarchy "conditional_adder:instcond_addr_1|lpm_add_sub:LPM_ADD_SUB_component" File: C:/__WORK__/DG-STEAM/Enigma/Altera-CPLD/ROM_TEST/conditional_adder.v Line: 65
Info (12130): Elaborated megafunction instantiation "conditional_adder:instcond_addr_1|lpm_add_sub:LPM_ADD_SUB_component" File: C:/__WORK__/DG-STEAM/Enigma/Altera-CPLD/ROM_TEST/conditional_adder.v Line: 65
Info (12133): Instantiated megafunction "conditional_adder:instcond_addr_1|lpm_add_sub:LPM_ADD_SUB_component" with the following parameter: File: C:/__WORK__/DG-STEAM/Enigma/Altera-CPLD/ROM_TEST/conditional_adder.v Line: 65
    Info (12134): Parameter "lpm_direction" = "ADD"
    Info (12134): Parameter "lpm_hint" = "ONE_INPUT_IS_CONSTANT=YES,CIN_USED=NO"
    Info (12134): Parameter "lpm_representation" = "UNSIGNED"
    Info (12134): Parameter "lpm_type" = "LPM_ADD_SUB"
    Info (12134): Parameter "lpm_width" = "6"
Info (12128): Elaborating entity "addcore" for hierarchy "conditional_adder:instcond_addr_1|lpm_add_sub:LPM_ADD_SUB_component|addcore:adder" File: c:/intelfpga_lite/quartus/libraries/megafunctions/lpm_add_sub.tdf Line: 251
Info (12131): Elaborated megafunction instantiation "conditional_adder:instcond_addr_1|lpm_add_sub:LPM_ADD_SUB_component|addcore:adder", which is child of megafunction instantiation "conditional_adder:instcond_addr_1|lpm_add_sub:LPM_ADD_SUB_component" File: c:/intelfpga_lite/quartus/libraries/megafunctions/lpm_add_sub.tdf Line: 251
Info (12128): Elaborating entity "a_csnbuffer" for hierarchy "conditional_adder:instcond_addr_1|lpm_add_sub:LPM_ADD_SUB_component|addcore:adder|a_csnbuffer:oflow_node" File: c:/intelfpga_lite/quartus/libraries/megafunctions/addcore.tdf Line: 86
Info (12131): Elaborated megafunction instantiation "conditional_adder:instcond_addr_1|lpm_add_sub:LPM_ADD_SUB_component|addcore:adder|a_csnbuffer:oflow_node", which is child of megafunction instantiation "conditional_adder:instcond_addr_1|lpm_add_sub:LPM_ADD_SUB_component" File: c:/intelfpga_lite/quartus/libraries/megafunctions/addcore.tdf Line: 86
Info (12128): Elaborating entity "a_csnbuffer" for hierarchy "conditional_adder:instcond_addr_1|lpm_add_sub:LPM_ADD_SUB_component|addcore:adder|a_csnbuffer:result_node" File: c:/intelfpga_lite/quartus/libraries/megafunctions/addcore.tdf Line: 112
Info (12131): Elaborated megafunction instantiation "conditional_adder:instcond_addr_1|lpm_add_sub:LPM_ADD_SUB_component|addcore:adder|a_csnbuffer:result_node", which is child of megafunction instantiation "conditional_adder:instcond_addr_1|lpm_add_sub:LPM_ADD_SUB_component" File: c:/intelfpga_lite/quartus/libraries/megafunctions/addcore.tdf Line: 112
Info (12128): Elaborating entity "altshift" for hierarchy "conditional_adder:instcond_addr_1|lpm_add_sub:LPM_ADD_SUB_component|altshift:result_ext_latency_ffs" File: c:/intelfpga_lite/quartus/libraries/megafunctions/lpm_add_sub.tdf Line: 269
Info (12131): Elaborated megafunction instantiation "conditional_adder:instcond_addr_1|lpm_add_sub:LPM_ADD_SUB_component|altshift:result_ext_latency_ffs", which is child of megafunction instantiation "conditional_adder:instcond_addr_1|lpm_add_sub:LPM_ADD_SUB_component" File: c:/intelfpga_lite/quartus/libraries/megafunctions/lpm_add_sub.tdf Line: 269
Info (12128): Elaborating entity "altshift" for hierarchy "conditional_adder:instcond_addr_1|lpm_add_sub:LPM_ADD_SUB_component|altshift:carry_ext_latency_ffs" File: c:/intelfpga_lite/quartus/libraries/megafunctions/lpm_add_sub.tdf Line: 271
Info (12131): Elaborated megafunction instantiation "conditional_adder:instcond_addr_1|lpm_add_sub:LPM_ADD_SUB_component|altshift:carry_ext_latency_ffs", which is child of megafunction instantiation "conditional_adder:instcond_addr_1|lpm_add_sub:LPM_ADD_SUB_component" File: c:/intelfpga_lite/quartus/libraries/megafunctions/lpm_add_sub.tdf Line: 271
Info (12128): Elaborating entity "lpm_counter0" for hierarchy "lpm_counter0:debounce_clk"
Info (12128): Elaborating entity "lpm_counter" for hierarchy "lpm_counter0:debounce_clk|lpm_counter:LPM_COUNTER_component" File: C:/__WORK__/DG-STEAM/Enigma/Altera-CPLD/ROM_TEST/lpm_counter0.v Line: 65
Info (12130): Elaborated megafunction instantiation "lpm_counter0:debounce_clk|lpm_counter:LPM_COUNTER_component" File: C:/__WORK__/DG-STEAM/Enigma/Altera-CPLD/ROM_TEST/lpm_counter0.v Line: 65
Info (12133): Instantiated megafunction "lpm_counter0:debounce_clk|lpm_counter:LPM_COUNTER_component" with the following parameter: File: C:/__WORK__/DG-STEAM/Enigma/Altera-CPLD/ROM_TEST/lpm_counter0.v Line: 65
    Info (12134): Parameter "lpm_direction" = "UP"
    Info (12134): Parameter "lpm_modulus" = "263158"
    Info (12134): Parameter "lpm_port_updown" = "PORT_UNUSED"
    Info (12134): Parameter "lpm_type" = "LPM_COUNTER"
    Info (12134): Parameter "lpm_width" = "19"
Info (12021): Found 1 design units, including 1 entities, in source file db/cntr_eri.tdf
    Info (12023): Found entity 1: cntr_eri File: C:/__WORK__/DG-STEAM/Enigma/Altera-CPLD/ROM_TEST/db/cntr_eri.tdf Line: 28
Info (12128): Elaborating entity "cntr_eri" for hierarchy "lpm_counter0:debounce_clk|lpm_counter:LPM_COUNTER_component|cntr_eri:auto_generated" File: c:/intelfpga_lite/quartus/libraries/megafunctions/lpm_counter.tdf Line: 259
Info (12021): Found 1 design units, including 1 entities, in source file db/cmpr_n0c.tdf
    Info (12023): Found entity 1: cmpr_n0c File: C:/__WORK__/DG-STEAM/Enigma/Altera-CPLD/ROM_TEST/db/cmpr_n0c.tdf Line: 23
Info (12128): Elaborating entity "cmpr_n0c" for hierarchy "lpm_counter0:debounce_clk|lpm_counter:LPM_COUNTER_component|cntr_eri:auto_generated|cmpr_n0c:cmpr1" File: C:/__WORK__/DG-STEAM/Enigma/Altera-CPLD/ROM_TEST/db/cntr_eri.tdf Line: 34
Info (13014): Ignored 1 buffer(s)
    Info (13019): Ignored 1 SOFT buffer(s)
Info (21057): Implemented 121 device resources after synthesis - the final resource count might be different
    Info (21058): Implemented 37 input pins
    Info (21059): Implemented 13 output pins
    Info (21061): Implemented 71 logic cells
Info: Quartus Prime Analysis & Synthesis was successful. 0 errors, 0 warnings
    Info: Peak virtual memory: 4725 megabytes
    Info: Processing ended: Thu Sep 18 15:06:03 2025
    Info: Elapsed time: 00:00:14
    Info: Total CPU time (on all processors): 00:00:30


